// Jest Snapshot v1, https://goo.gl/fbAQLP

exports[`Async Get Data Async test 1 1`] = `
[
  1,
  2,
  3,
]
`;

exports[`Async Get Data Async test 2 1`] = `
[
  1,
  2,
  3,
]
`;
